PS C:\WINDOWS\system32> docker start f0f5e72750f0
f0f5e72750f0
PS C:\WINDOWS\system32> docker run node:22-alpine node -v
v22.9.0
PS C:\WINDOWS\system32> npm run serve
npm ERR! code ENOENT
npm ERR! syscall open
npm ERR! path C:\WINDOWS\system32/package.json
npm ERR! errno -4058
npm ERR! enoent ENOENT: no such file or directory, open 'C:\WINDOWS\system32\package.json'
npm ERR! enoent This is related to npm not being able to find a file.
npm ERR! enoent

npm ERR! A complete log of this run can be found in:
npm ERR!     C:\Users\zarip\AppData\Local\npm-cache\_logs\2024-11-07T17_20_09_154Z-debug.log
PS C:\WINDOWS\system32> npm install

up to date, audited 1 package in 2s

found 0 vulnerabilities
PS C:\WINDOWS\system32> npm run serve
npm ERR! Missing script: "serve"
npm ERR!
npm ERR! To see a list of scripts, run:
npm ERR!   npm run

npm ERR! A complete log of this run can be found in:
npm ERR!     C:\Users\zarip\AppData\Local\npm-cache\_logs\2024-11-07T17_20_29_471Z-debug.log
PS C:\WINDOWS\system32> npm install

up to date, audited 1 package in 1s

found 0 vulnerabilities
PS C:\WINDOWS\system32> npm run serve
npm ERR! Missing script: "serve"
npm ERR!
npm ERR! To see a list of scripts, run:
npm ERR!   npm run

npm ERR! A complete log of this run can be found in:
npm ERR!     C:\Users\zarip\AppData\Local\npm-cache\_logs\2024-11-07T17_23_16_964Z-debug.log
PS C:\WINDOWS\system32> cd C:\Users\zarip\Downloads\jd-homeworks-master\netology-diplom-frontend
PS C:\Users\zarip\Downloads\jd-homeworks-master\netology-diplom-frontend> npm install
npm WARN EBADENGINE Unsupported engine {
npm WARN EBADENGINE   package: 'jest-worker@28.1.3',
npm WARN EBADENGINE   required: { node: '^12.13.0 || ^14.15.0 || ^16.10.0 || >=17.0.0' },
npm WARN EBADENGINE   current: { node: 'v16.0.0', npm: '7.10.0' }
npm WARN EBADENGINE }

up to date, audited 1115 packages in 13s

136 packages are looking for funding
  run `npm fund` for details

4 moderate severity vulnerabilities

To address all issues (including breaking changes), run:
  npm audit fix --force

Run `npm audit` for details.
PS C:\Users\zarip\Downloads\jd-homeworks-master\netology-diplom-frontend> npm run serve

> netology-diplom-frontend@0.1.0 serve
> vue-cli-service serve

[51%] building (328/400 modules)
[@vue/compiler-sfc] ::v-deep usage as a combinator has been deprecated. Use :deep(<inner-selector>) instead of ::v-deep <inner-selector>.


 WARNING  Compiled with 1 warning                                                                               20:27:16
[eslint]
C:\Users\zarip\Downloads\jd-homeworks-master\netology-diplom-frontend\src\components\elements\ECheckbox.vue
  15:40  warning  'watch' is defined but never used  @typescript-eslint/no-unused-vars

C:\Users\zarip\Downloads\jd-homeworks-master\netology-diplom-frontend\src\views\Home.vue
  182:31  warning  'res' is defined but never used  @typescript-eslint/no-unused-vars
  189:32  warning  'res' is defined but never used  @typescript-eslint/no-unused-vars
  266:31  warning  'res' is defined but never used  @typescript-eslint/no-unused-vars
  274:32  warning  'res' is defined but never used  @typescript-eslint/no-unused-vars
  309:32  warning  'res' is defined but never used  @typescript-eslint/no-unused-vars
  331:31  warning  'res' is defined but never used  @typescript-eslint/no-unused-vars
  339:32  warning  'res' is defined but never used  @typescript-eslint/no-unused-vars

C:\Users\zarip\Downloads\jd-homeworks-master\netology-diplom-frontend\src\views\Login.vue
  100:25  warning  'res' is defined but never used  @typescript-eslint/no-unused-vars

âœ– 9 problems (0 errors, 9 warnings)


You may use special comments to disable some warnings.
Use // eslint-disable-next-line to ignore the next line.
Use /* eslint-disable */ to ignore all warnings in a file.

  App running at:
  - Local:   http://localhost:8082/
  - Network: http://192.168.1.97:8082/

  Note that the development build is not optimized.
  To create a production build, run npm run build.

No issues found.